                     Example11.sas -- Illustrate use of the UPOLY1 module

                               ****REQUESTED PRINTED MATRICES***


                                            ESSENCEX

                                              1         0
                                              0         1


                                              BETA

                               0         0         0         0         1
                               1         0         0         0         0


                                             SIGMA

                             1.5     0.375     0.375     0.375     0.375
                           0.375       1.5     0.375     0.375     0.375
                           0.375     0.375       1.5     0.375     0.375
                           0.375     0.375     0.375       1.5     0.375
                           0.375     0.375     0.375     0.375       1.5


                                              RHO

                               1      0.25      0.25      0.25      0.25
                            0.25         1      0.25      0.25      0.25
                            0.25      0.25         1      0.25      0.25
                            0.25      0.25      0.25         1      0.25
                            0.25      0.25      0.25      0.25         1


                                               C

                                              1        -1


                                               U

                            -0.632456 0.5345225 -0.316228 0.1195229
                            -0.316228 -0.267261 0.6324555 -0.478091
                                    0 -0.534522         0 0.7171372
                            0.3162278 -0.267261 -0.632456 -0.478091
                            0.6324555 0.5345225 0.3162278 0.1195229


                                          C * BETA * U

                            1.2649111         0 0.6324555         0

                     Example11.sas -- Illustrate use of the UPOLY1 module

                                  ****POWER CALCULATIONS****
                                           HOLDPOWER
           TOTAL_N POWER_HLT POWER_PBT   EPSILON  EXEPS_HF  POWER_HF  EXEPS_GG  POWER_GG

                20      0.51      0.51         1         1     0.625     0.804     0.574
                40     0.902     0.902         1         1     0.933     0.895     0.924
                80     0.999     0.999         1         1     0.999     0.946     0.999
